// Jest Snapshot v1, https://goo.gl/fbAQLP

exports[`renders snapshot correctly 1`] = `"<div class=\\"birthdayField\\"><label>Lapsen syntym√§aika</label><div class=\\"inputWrapper\\"><div class=\\"inputField\\"><div class=\\"inputWrapper numberInput\\"><div class=\\"inputTypeWrapper\\"><input type=\\"number\\" name=\\"child.birthday.day\\" placeholder=\\"pv\\" min=\\"1\\" max=\\"31\\"/></div></div><div class=\\"inputErrorMessage\\"></div></div><div class=\\"dot\\">.</div><div class=\\"inputField\\"><div class=\\"inputWrapper numberInput\\"><div class=\\"inputTypeWrapper\\"><input type=\\"number\\" name=\\"child.birthday.month\\" placeholder=\\"kk\\" min=\\"1\\" max=\\"12\\"/></div></div><div class=\\"inputErrorMessage\\"></div></div><div class=\\"dot\\">.</div><div class=\\"inputField\\"><div class=\\"inputWrapper numberInput\\"><div class=\\"inputTypeWrapper\\"><input type=\\"number\\" name=\\"child.birthday.year\\" placeholder=\\"vuosi\\" min=\\"2019\\"/></div></div><div class=\\"inputErrorMessage\\"></div></div></div><div class=\\"error\\"></div></div>"`;
