// Jest Snapshot v1, https://goo.gl/fbAQLP

exports[`renders snapshot correctly 1`] = `"<div class=\\"birthdateField\\"><label>Lapsen syntym√§aika (pp.kk.vvvv)*</label><div class=\\"inputWrapper\\"><div class=\\"TextInput-module_root__1ceal text-input_hds-text-input__24bl6\\"><div class=\\"TextInput-module_inputWrapper__1ru3h text-input_hds-text-input__input-wrapper__2p7Uy\\"><input type=\\"number\\" class=\\"TextInput-module_input__35GDy text-input_hds-text-input__input__2XAyI\\" id=\\"foo.day\\" required=\\"\\" name=\\"foo.day\\" aria-label=\\"pv\\" placeholder=\\"pv\\" min=\\"1\\" max=\\"31\\" maxLength=\\"2\\"/></div></div><div class=\\"dot\\">.</div><div class=\\"TextInput-module_root__1ceal text-input_hds-text-input__24bl6\\"><div class=\\"TextInput-module_inputWrapper__1ru3h text-input_hds-text-input__input-wrapper__2p7Uy\\"><input type=\\"number\\" class=\\"TextInput-module_input__35GDy text-input_hds-text-input__input__2XAyI\\" required=\\"\\" name=\\"foo.month\\" aria-label=\\"kk\\" placeholder=\\"kk\\" min=\\"1\\" max=\\"12\\" maxLength=\\"2\\"/></div><div class=\\"TextInput-module_helperText__anJHZ text-input_hds-text-input__helper-text__X1cCW\\"></div></div><div class=\\"dot\\">.</div><div class=\\"TextInput-module_root__1ceal text-input_hds-text-input__24bl6\\"><div class=\\"TextInput-module_inputWrapper__1ru3h text-input_hds-text-input__input-wrapper__2p7Uy\\"><input type=\\"number\\" class=\\"TextInput-module_input__35GDy text-input_hds-text-input__input__2XAyI\\" required=\\"\\" name=\\"foo.year\\" maxLength=\\"4\\" min=\\"2019\\" aria-label=\\"vuosi\\" placeholder=\\"vuosi\\"/></div></div></div></div>"`;
