// Jest Snapshot v1, https://goo.gl/fbAQLP

exports[`renders snapshot correctly 1`] = `"<div class=\\"wrapper\\"><div class=\\"start\\"></div><div class=\\"middle\\"><h3 class=\\"title\\"></h3>foo<div class=\\"focalPoint\\"></div></div><div class=\\"end\\"><button type=\\"button\\" class=\\"Button-module_button__1msFE button_hds-button__2A0je Button-module_primary__2LfKB button_hds-button--primary__2NVvO actionWrapper\\" style=\\"--color:var(--color-black);--color-hover:var(--color-black);--color-focus:var(--color-black-90);--color-hover-focus:var(--color-black-90);--background-color:transparent;--background-color-hover:transparent;--background-color-focus:transparent;--background-color-hover-focus:transparent;--background-selected:var(--color-summer);--border-color:none;--border-color-hover:var(--color-summer-dark-50);--border-color-focus:var(--color-summer-dark-50);--border-color-hover-focus:var(--color-summer-dark-50);--border-color-selected:var(--color-summer);--border-color-selected-hover:var(--color-summer-dark-50);--border-color-selected-focus:var(--color-summer);--border-color-selected-hover-focus:var(--color-summer)\\"><span class=\\"Button-module_label__a4np1 button_hds-button__label__2EQa-\\"><div class=\\"actionText\\"></div><div class=\\"imgWrapper gotoAction\\"><img src=\\"angleDown.svg\\" alt=\\"\\"/></div></span></button></div></div>"`;
