// Vitest Snapshot v1, https://vitest.dev/guide/snapshot.html

exports[`renders snapshot correctly 1`] = `
<div>
  <button
    class="Button-module_button__1msFE button_hds-button__2A0je Button-module_primary__2LfKB button_hds-button--primary__2NVvO"
    style="--color: var(--color-black); --color-hover: var(--color-black); --color-focus: var(--color-black-90); --color-hover-focus: var(--color-black-90); --background-color: var(--color-summer); --background-color-hover: var(--color-summer-dark); --background-color-focus: var(--color-summer); --background-color-hover-focus: var(--color-summer-dark); --background-selected: var(--color-summer); --border-color: var(--color-summer); --border-color-hover: var(--color-summer-dark); --border-color-focus: var(--color-summer-dark); --border-color-hover-focus: var(--color-summer-dark); --border-color-selected: var(--color-summer); --border-color-selected-hover: var(--color-summer-dark); --border-color-selected-focus: var(--color-summer); --border-color-selected-hover-focus: var(--color-summer);"
    type="button"
  >
    <span
      class="Button-module_label__a4np1 button_hds-button__label__2EQa-"
    >
      foo
    </span>
  </button>
</div>
`;
