// Jest Snapshot v1, https://goo.gl/fbAQLP

exports[`renders snapshot correctly 1`] = `"<div class=\\"className inputWrapper textInput\\"><label for=\\"foo\\">bar</label><input type=\\"text\\" id=\\"foo\\"/><small class=\\"inputError\\"></small></div>"`;
