// Jest Snapshot v1, https://goo.gl/fbAQLP

exports[`renders snapshot correctly 1`] = `
<div>
  <div
    aria-label="Lataa"
    class="spinnerWrapper"
  >
    <div
      class="spinner"
    />
  </div>
</div>
`;
