// Jest Snapshot v1, https://goo.gl/fbAQLP

exports[`renders snapshot correctly 1`] = `"<div class=\\"Dropdown-module_root__2LI4-\\"><label for=\\"fooSelect-toggle-button\\" class=\\"FieldLabel-module_label__2tl-4 text-input_hds-text-input__label__pDw_W \\" id=\\"fooSelect-label\\">select label</label><div class=\\"Dropdown-module_wrapper__1oIw5\\"><button type=\\"button\\" id=\\"fooSelect-toggle-button\\" aria-haspopup=\\"listbox\\" aria-expanded=\\"false\\" aria-labelledby=\\"fooSelect-label fooSelect-toggle-button\\" class=\\"Dropdown-module_buttonDropdown__IwbnQ Dropdown-module_dropdown__22ZdF Dropdown-module_placeholder__2nbDo Dropdown-module_buttonReset__r__8I helpers_button-reset__QA3d0\\"><span class=\\"Dropdown-module_buttonLabel__2jVRU\\"></span><svg class=\\"Icon-module_icon__1Jtzj icon_hds-icon__1YqNC Icon-module_s__2WGWe icon_hds-icon--size-s__2Lkik Dropdown-module_angleIcon__1Y1mT\\" viewBox=\\"0 0 24 24\\" xmlns=\\"http://www.w3.org/2000/svg\\"><g fill=\\"none\\" fill-rule=\\"evenodd\\"><path d=\\"M0 0h24v24H0z\\"></path><path fill=\\"currentColor\\" d=\\"M12 13.5l5-5 1.5 1.5-6.5 6.5L5.5 10 7 8.5z\\"></path></g></svg></button></div><ul id=\\"fooSelect-menu\\" role=\\"listbox\\" aria-labelledby=\\"fooSelect-label\\" tabindex=\\"-1\\" class=\\"Dropdown-module_menu__3rei6\\" style=\\"max-height:calc(var(--dropdown-height) * 5)\\"></ul></div>"`;
