// Jest Snapshot v1, https://goo.gl/fbAQLP

exports[`renders snapshot correctly 1`] = `"<div class=\\"spinnerWrapper\\"><div class=\\"pageWrapper\\"><header class=\\"headerWrapper\\"><div class=\\"container\\"><div class=\\"navbarTop\\"><div class=\\"logo\\"></div><h3 class=\\"appName\\">Kulttuurin Kummilapset</h3></div></div></header><div class=\\"pageBody\\"><div class=\\"container\\"><div class=\\"home\\"><div class=\\"hero\\"><div class=\\"heroContainer\\"><h1>Kulttuurin Kummilapset 2020</h1><p class=\\"description\\">Helsingin Kaupunginorkesteri kutsuu kummilapsikseen kaikki vuonna 2020 syntyneet Helsinkiläislapset! Lapsi perheineen kutsutaan kahdesti vuodessa nauttimaan KHO:n järjestämästä kulttuurista täysin ilmaiseksi! Liity mukaan!<span role=\\"button\\">Login using tunnistamo</span></p><div class=\\"homeForm\\"><form><div class=\\"inputWrapper\\"><div class=\\"birthdayField\\"><label>Lapsen syntymäaika</label><div class=\\"inputWrapper\\"><div class=\\"formInputField\\"><div class=\\"className inputWrapper numberInput\\"><div class=\\"inputTypeWrapper\\"><input type=\\"number\\" name=\\"childBirthdayDay\\" placeholder=\\"pv\\" min=\\"1\\" max=\\"31\\" value=\\"\\"></div><small class=\\"inputError\\"></small></div></div><div class=\\"dot\\">.</div><div class=\\"formInputField\\"><div class=\\"className inputWrapper numberInput\\"><div class=\\"inputTypeWrapper\\"><input type=\\"number\\" name=\\"childBirthdayMonth\\" placeholder=\\"kk\\" min=\\"1\\" max=\\"12\\" value=\\"\\"></div><small class=\\"inputError\\"></small></div></div><div class=\\"dot\\">.</div><div class=\\"formInputField\\"><div class=\\"className inputWrapper numberInput\\"><div class=\\"inputTypeWrapper\\"><input type=\\"number\\" name=\\"childBirthdayYear\\" placeholder=\\"vuosi\\" min=\\"2019\\" value=\\"\\"></div><small class=\\"inputError\\"></small></div></div></div><small class=\\"error\\"></small></div><div class=\\"formInputField\\"><div class=\\"className inputWrapper textInput\\"><div class=\\"inputTypeWrapper\\"><label>Lapsen kotipaikkakunta</label><input type=\\"text\\" name=\\"childHomeCity\\" placeholder=\\"Enter hometown city, currently only Helsinki supported\\" value=\\"\\"></div><small class=\\"inputError\\"></small></div></div></div><div class=\\"formInputField\\"><div class=\\"className inputWrapper checkboxInput\\"><div class=\\"inputTypeWrapper\\"><label>Vakuutan antamani tiedot oikeaksi.</label><input type=\\"checkbox\\" name=\\"verifyInformation\\" value=\\"false\\"></div><small class=\\"inputError\\"></small></div></div><div class=\\"submitButton buttonWrapper\\"><button type=\\"submit\\" disabled=\\"\\">Ilmoittaudu mukaan</button></div></form></div></div></div></div></div></div><footer class=\\"footerWrapper\\"><div class=\\"container\\"><div class=\\"footer\\"><div class=\\"helsinkiLogo\\"></div><div class=\\"copyright\\"><p>© Copyright 2019 • All right reserved •</p></div></div></div></footer></div></div>"`;
