// Vitest Snapshot v1, https://vitest.dev/guide/snapshot.html

exports[`converts CRLFs to brs 1`] = `
[
  <p>
    a
  </p>,
  <p>
    b
  </p>,
]
`;

exports[`converts LFs to brs 1`] = `
[
  <p>
    a
  </p>,
  <p>
    b
  </p>,
]
`;
