// Vitest Snapshot v1, https://vitest.dev/guide/snapshot.html

exports[`<Home /> > renders snapshot correctly 1`] = `
<div>
  <div
    class="_pageWrapper_e42bcd"
  >
    <div
      class="_container_533ff0 _gridLayoutOverride_e7e15b"
    >
      <div
        class="_home_e7e15b"
      >
        <section
          class="_heroWrapper_b04a84"
        >
          <div
            class="_heroContainer_b04a84"
          >
            <div
              class="_hero_b04a84"
            >
              <h1>
                Kulttuurin kummilapset
              </h1>
              <p
                class="_bodyXl_b04a84"
              >
                Kaikki vuodesta 2020 eteenpäin syntyvät helsinkiläiset lapset kutsutaan kulttuurin kummilapsiksi. Kummilapset saavat kutsun vuosittain kahteen tapahtumaan, kunnes lapsi aloittaa koulun. Tapahtumat ovat maksuttomia.
              </p>
              <div
                class="_buttonGroup_b04a84"
              >
                <button
                  class="Button-module_button__1msFE button_hds-button__2A0je Button-module_primary__2LfKB button_hds-button--primary__2NVvO _registerButton_b04a84"
                  style="--color: var(--color-black); --color-hover: var(--color-black); --color-focus: var(--color-black-90); --color-hover-focus: var(--color-black-90); --background-color: var(--color-summer); --background-color-hover: var(--color-summer-dark); --background-color-focus: var(--color-summer); --background-color-hover-focus: var(--color-summer-dark); --background-selected: var(--color-summer); --border-color: var(--color-summer); --border-color-hover: var(--color-summer-dark); --border-color-focus: var(--color-summer-dark); --border-color-hover-focus: var(--color-summer-dark); --border-color-selected: var(--color-summer); --border-color-selected-hover: var(--color-summer-dark); --border-color-selected-focus: var(--color-summer); --border-color-selected-hover-focus: var(--color-summer);"
                  type="button"
                >
                  <span
                    class="Button-module_label__a4np1 button_hds-button__label__2EQa-"
                  >
                    Ilmoittaudu mukaan
                  </span>
                </button>
                <button
                  class="Button-module_button__1msFE button_hds-button__2A0je Button-module_primary__2LfKB button_hds-button--primary__2NVvO _authenticateButton_b04a84"
                  style="--color: var(--color-black); --color-hover: var(--color-black); --color-focus: var(--color-black-90); --color-hover-focus: var(--color-black-90); --background-color: transparent; --background-color-hover: var(--color-white); --background-color-focus: var(--color-white); --background-color-hover-focus: var(--color-white); --background-selected: var(--color-summer); --border-color: var(--color-summer); --border-color-hover: var(--color-summer-dark); --border-color-focus: var(--color-summer-dark); --border-color-hover-focus: var(--color-summer-dark); --border-color-selected: var(--color-summer); --border-color-selected-hover: var(--color-summer-dark); --border-color-selected-focus: var(--color-summer); --border-color-selected-hover-focus: var(--color-summer);"
                  type="button"
                >
                  <span
                    class="Button-module_label__a4np1 button_hds-button__label__2EQa-"
                  >
                    Kirjaudu sisään
                  </span>
                </button>
              </div>
            </div>
          </div>
          <div
            class="_kidsImageContainer_b04a84"
          >
            <div
              class="_kidsImage_b04a84"
            />
          </div>
        </section>
        <section
          class="_wrapper_557708"
        >
          <div
            class="_innerwrapper_557708"
          >
            <h2>
              Lisätietoa palvelusta eri kielillä
            </h2>
            <p>
              Lataa lisätietoa Kultuurin kummilapset -palvelusta omalla kielelläsi.
            </p>
            <div
              class="_link_0c660e"
            >
              <a
                href="/brochures/fr.pdf"
              >
                <span
                  lang="fr"
                >
                  Français
                </span>
                <span>
                   
                </span>
                <span
                  class="_localizedLanguage_0c660e"
                  lang="fi"
                >
                  (
                  ranska
                  )
                </span>
              </a>
              <a
                href="/brochures/ru.pdf"
              >
                <span
                  lang="ru"
                >
                  Русский
                </span>
                <span>
                   
                </span>
                <span
                  class="_localizedLanguage_0c660e"
                  lang="fi"
                >
                  (
                  venäjä
                  )
                </span>
              </a>
              <a
                href="/brochures/es.pdf"
              >
                <span
                  lang="es"
                >
                  Español
                </span>
                <span>
                   
                </span>
                <span
                  class="_localizedLanguage_0c660e"
                  lang="fi"
                >
                  (
                  espanja
                  )
                </span>
              </a>
              <a
                href="/brochures/zh.pdf"
              >
                <span
                  lang="zh"
                >
                  中文
                </span>
                <span>
                   
                </span>
                <span
                  class="_localizedLanguage_0c660e"
                  lang="fi"
                >
                  (
                  kiina
                  )
                </span>
              </a>
              <a
                href="/brochures/npi.pdf"
              >
                <span
                  lang="npi"
                >
                  नेपाली गण
                </span>
                <span>
                   
                </span>
                <span
                  class="_localizedLanguage_0c660e"
                  lang="fi"
                >
                  (
                  nepali
                  )
                </span>
              </a>
              <a
                href="/brochures/som.pdf"
              >
                <span
                  lang="som"
                >
                  Somali
                </span>
                <span>
                   
                </span>
                <span
                  class="_localizedLanguage_0c660e"
                  lang="fi"
                >
                  (
                  somali
                  )
                </span>
              </a>
              <a
                href="/brochures/fas.pdf"
              >
                <span
                  lang="fas"
                >
                  زبان فارسی
                </span>
                <span>
                   
                </span>
                <span
                  class="_localizedLanguage_0c660e"
                  lang="fi"
                >
                  (
                  persia
                  )
                </span>
              </a>
              <a
                href="/brochures/et.pdf"
              >
                <span
                  lang="et"
                >
                  Eesti
                </span>
                <span>
                   
                </span>
                <span
                  class="_localizedLanguage_0c660e"
                  lang="fi"
                >
                  (
                  viro
                  )
                </span>
              </a>
              <a
                href="/brochures/tur.pdf"
              >
                <span
                  lang="tur"
                >
                  Türkçe
                </span>
                <span>
                   
                </span>
                <span
                  class="_localizedLanguage_0c660e"
                  lang="fi"
                >
                  (
                  turkki
                  )
                </span>
              </a>
              <a
                href="/brochures/ara.pdf"
              >
                <span
                  lang="ar"
                >
                  اَلْعَرَبِيَّةُ
                </span>
                <span>
                   
                </span>
                <span
                  class="_localizedLanguage_0c660e"
                  lang="fi"
                >
                  (
                  arabia
                  )
                </span>
              </a>
              <a
                href="/brochures/ckb.pdf"
              >
                <span
                  lang="ckb"
                >
                  کوردی
                </span>
                <span>
                   
                </span>
                <span
                  class="_localizedLanguage_0c660e"
                  lang="fi"
                >
                  (
                  kurdi
                  )
                </span>
              </a>
              <a
                href="/brochures/vi.pdf"
              >
                <span
                  lang="vi"
                >
                  Tiếng Việt
                </span>
                <span>
                   
                </span>
                <span
                  class="_localizedLanguage_0c660e"
                  lang="fi"
                >
                  (
                  vietnam
                  )
                </span>
              </a>
              <a
                href="/brochures/en.pdf"
              >
                <span
                  lang="en"
                >
                  English
                </span>
                <span>
                   
                </span>
                <span
                  class="_localizedLanguage_0c660e"
                  lang="fi"
                >
                  (
                  englanti
                  )
                </span>
              </a>
              <a
                href="/brochures/sv.pdf"
              >
                <span
                  lang="sv"
                >
                  Svenska
                </span>
                <span>
                   
                </span>
                <span
                  class="_localizedLanguage_0c660e"
                  lang="fi"
                >
                  (
                  ruotsi
                  )
                </span>
              </a>
              <a
                href="/brochures/fi.pdf"
              >
                <span
                  lang="fi"
                >
                  Suomi
                </span>
                <span>
                   
                </span>
                <span
                  class="_localizedLanguage_0c660e"
                  lang="fi"
                >
                  (
                  suomi
                  )
                </span>
              </a>
            </div>
          </div>
        </section>
        <section
          class="_wrapper_f9e21e"
        >
          <div
            class="_instructions_f9e21e"
          >
            <h2>
              Miten pääset mukaan toimintaan?
            </h2>
            <div
              class="_iconContainer_f9e21e"
            >
              <div
                class="_iconBox_f9e21e"
              >
                <div
                  class="_imgWrapper_73ff55 _icon_f9e21e"
                >
                  <img
                    alt=""
                    src="/src/assets/icons/svg/homeKid.svg"
                  />
                </div>
                <p>
                  Jos lapsi asuu Helsingissä ja on syntynyt vuonna 2020 tai sen jälkeen, voit ilmoittaa hänet kummilapseksi ja rekisteröityä palveluun.
                </p>
              </div>
              <div
                class="_iconBox_f9e21e"
              >
                <svg
                  aria-hidden="true"
                  aria-label="ticket"
                  class="Icon-module_icon__1Jtzj icon_hds-icon__1YqNC Icon-module_s__2WGWe icon_hds-icon--size-s__2Lkik _icon_f9e21e"
                  role="img"
                  viewBox="0 0 24 24"
                  xmlns="http://www.w3.org/2000/svg"
                >
                  <path
                    clip-rule="evenodd"
                    d="M14.5 2L17.625 5.125L17 5.75C16.6548 6.09518 16.6548 6.65482 17 7C17.3205 7.32052 17.826 7.34342 18.1729 7.06868L18.25 7L18.875 6.375L22 9.5L9.5 22L6.375 18.875L7 18.25C7.34518 17.9048 7.34518 17.3452 7 17C6.67948 16.6795 6.17403 16.6566 5.82709 16.9313L5.75 17L5.125 17.625L2 14.5L14.5 2ZM14.5 4.5L11.4995 7.5C11.7556 7.49987 12.0117 7.59751 12.2071 7.79289C12.5976 8.18342 12.5976 8.81658 12.2071 9.20711C11.8166 9.59763 11.1834 9.59763 10.7929 9.20711C10.6301 9.04428 10.5351 8.83928 10.5081 8.62727L10.5 8.4995L4.5 14.5L5.23125 15.2312L5.40002 15.1584L5.57251 15.0971C6.3226 14.8597 7.15743 14.9639 7.83317 15.4096L7.99865 15.5282L8.13665 15.643L8.25 15.75L8.38817 15.899C9.0014 16.6127 9.17289 17.5753 8.90266 18.4282L8.838 18.6091L8.76812 18.7681L9.5 19.5L15.5025 13.5C15.2457 13.5006 14.9888 13.403 14.7929 13.2071C14.4024 12.8166 14.4024 12.1834 14.7929 11.7929C15.1834 11.4024 15.8166 11.4024 16.2071 11.7929C16.3704 11.9561 16.4654 12.1618 16.4921 12.3744L16.5 12.5025L19.5 9.5L18.7681 8.76812L18.6 8.84162L18.4275 8.90288C17.6774 9.14031 16.8426 9.03614 16.1668 8.59035L16.0014 8.47179L15.8634 8.35699L15.75 8.25L15.6118 8.101C14.9986 7.38729 14.8271 6.42473 15.0973 5.57183L15.162 5.39087L15.2312 5.23125L14.5 4.5ZM12.7929 9.79289C13.1834 9.40237 13.8166 9.40237 14.2071 9.79289C14.5976 10.1834 14.5976 10.8166 14.2071 11.2071C13.8166 11.5976 13.1834 11.5976 12.7929 11.2071C12.4024 10.8166 12.4024 10.1834 12.7929 9.79289Z"
                    fill="currentColor"
                    fill-rule="evenodd"
                  />
                </svg>
                <p>
                  Saat sähköpostiisi kaksi kertaa vuodessa kutsun ja palvelun kautta pääset ilmoittautumaan sinulle parhaiten sopiviin tapahtumiin.
                </p>
              </div>
              <div
                class="_iconBox_f9e21e"
              >
                <div
                  class="_imgWrapper_73ff55 _icon_f9e21e"
                >
                  <img
                    alt=""
                    src="/src/assets/icons/svg/homeTheater.svg"
                  />
                </div>
                <p>
                  Voit kokea lapsen kanssa hauskoja, yhteisiä hetkiä kulttuurin parissa. Tapahtumat on suunniteltu tukemaan lapsen kehitystä ja hyvinvointia.
                </p>
              </div>
            </div>
          </div>
        </section>
        <section
          class="_wrapper_1e8528"
          id="register"
        >
          <div
            class="_homeForm_1e8528"
          >
            <div
              class="_heading_1e8528"
            >
              <h2>
                Tule mukaan
              </h2>
              <p>
                Aloita syöttämällä toimintaan osallistuvan lapsen kotipaikkakunta ja syntymävuosi. Tämän jälkeen pääset kirjautumaan palveluun ja täydentämään lapsesi kummilapsiprofiilin. Tähän menee muutama minuutti.
              </p>
            </div>
            <form
              action="#"
              id="homePageForm"
              novalidate=""
            >
              <div
                class="_inputWrapper_1e8528"
              >
                <div>
                  <div
                    class="TextInput-module_root__2CMNr text-input_hds-text-input__2LODq _formField_b4a938"
                  >
                    <label
                      class="FieldLabel-module_label__1zrXK "
                      for="child.birthyear"
                    >
                      Lisää lapsen syntymävuosi
                      <span
                        class="RequiredIndicator-module_indicator__Pt7GX text-input_hds-text-input__required__2K-Bs"
                      >
                        *
                      </span>
                    </label>
                    <div
                      class="TextInput-module_inputWrapper__3Rvel text-input_hds-text-input__input-wrapper__1OqYG"
                    >
                      <input
                        class="TextInput-module_input__1BlHi text-input_hds-text-input__input__GJm5C"
                        id="child.birthyear"
                        name="child.birthyear"
                        placeholder="Lisää lapsen syntymävuosi"
                        required=""
                        type="number"
                        value="2024"
                      />
                    </div>
                  </div>
                </div>
                <div>
                  <div
                    class="TextInput-module_root__2CMNr text-input_hds-text-input__2LODq _formField_b4a938"
                  >
                    <label
                      class="FieldLabel-module_label__1zrXK "
                      for="child.homeCity"
                    >
                      Lapsen kotipaikkakunta
                      <span
                        class="RequiredIndicator-module_indicator__Pt7GX text-input_hds-text-input__required__2K-Bs"
                      >
                        *
                      </span>
                    </label>
                    <div
                      class="TextInput-module_inputWrapper__3Rvel text-input_hds-text-input__input-wrapper__1OqYG"
                    >
                      <input
                        class="TextInput-module_input__1BlHi text-input_hds-text-input__input__GJm5C"
                        id="child.homeCity"
                        name="child.homeCity"
                        placeholder="Lisää lapsen kotipaikkakunta"
                        required=""
                        type="text"
                        value=""
                      />
                    </div>
                  </div>
                </div>
              </div>
              <div>
                <div
                  class="Checkbox-module_checkbox__3L0GR checkbox_hds-checkbox__9HMCz"
                  style="--background-hover: var(--color-summer-dark); --background-selected: var(--color-summer); --background-color-selected-hover: var(--color-summer-dark); --background-color-selected-focus: var(--color-summer-dark); --background-color-selected-hover-focus: var(--color-summer-dark); --border-color-selected: var(--color-summer); --border-color-selected-hover: var(--color-summer-dark); --border-color-selected-focus: var(--color-summer-dark); --border-color-selected-hover-focus: var(--color-summer-dark); --icon-color-selected: var(--color-black);"
                >
                  <input
                    class="Checkbox-module_input__3VZvy checkbox_hds-checkbox__input__1w0pu"
                    id="verifyInformation"
                    name="verifyInformation"
                    required=""
                    type="checkbox"
                    value="false"
                  />
                  <label
                    class="Checkbox-module_label__L5AN1 checkbox_hds-checkbox__label__3HoD3"
                    for="verifyInformation"
                  >
                    <span
                      class="_listLabel_be7ab7"
                    >
                      Vakuutan antamani tiedot oikeaksi
                    </span>
                  </label>
                </div>
              </div>
              <button
                class="Button-module_button__1msFE button_hds-button__2A0je Button-module_primary__2LfKB button_hds-button--primary__2NVvO _submitButton_1e8528"
                style="--color: var(--color-black); --color-hover: var(--color-black); --color-focus: var(--color-black-90); --color-hover-focus: var(--color-black-90); --background-color: var(--color-summer); --background-color-hover: var(--color-summer-dark); --background-color-focus: var(--color-summer); --background-color-hover-focus: var(--color-summer-dark); --background-selected: var(--color-summer); --border-color: var(--color-summer); --border-color-hover: var(--color-summer-dark); --border-color-focus: var(--color-summer-dark); --border-color-hover-focus: var(--color-summer-dark); --border-color-selected: var(--color-summer); --border-color-selected-hover: var(--color-summer-dark); --border-color-selected-focus: var(--color-summer); --border-color-selected-hover-focus: var(--color-summer);"
                type="submit"
              >
                <span
                  class="Button-module_label__a4np1 button_hds-button__label__2EQa-"
                >
                  Ilmoittaudu mukaan
                </span>
              </button>
            </form>
          </div>
        </section>
        <section
          class="_wrapper_6eb765"
        >
          <div
            class="_innerwrapper_6eb765"
          >
            <div
              class="_embedContainer_6eb765"
            >
              <iframe
                allowfullscreen=""
                frameborder="0"
                id="ytplayer"
                src="https://www.youtube.com/embed/jYteckzo1uA?controls=0&fs=0&hl=fi&autoplay=1"
                title="video"
              />
            </div>
          </div>
        </section>
        <section
          class="_wrapper_1b4993"
        >
          <div
            class="_innerwrapper_1b4993"
          >
            <h2>
              Yhteistyökumppanit
            </h2>
            <div
              class="_partners_1b4993"
            >
              <div
                class="_big_46f5db"
              >
                <a
                  class="_container_46f5db"
                  href="https://www.hel.fi/fi/paatoksenteko-ja-hallinto/kaupungin-organisaatio/toimialat/kulttuurin-ja-vapaa-ajan-toimiala"
                >
                  <div
                    class="_imgWrapper_73ff55 _icon_46f5db"
                  >
                    <img
                      alt="home.partners.partner.hel"
                      src="data:image/svg+xml;base64,PHN2ZyB2aWV3Qm94PSIwIDAgNzggMzYiIHRpdGxlPSJIZWxzaW5naW4ga2F1cHVua2kiIHJvbGU9ImltZyIgeG1sbnM9Imh0dHA6Ly93d3cudzMub3JnLzIwMDAvc3ZnIj4KICAgIDxwYXRoCiAgICAgICAgZD0iTTc1Ljc1MyAyLjI1MXYyMC43YzAgMy45NS0zLjI3NSA3LjE3OC03LjMxIDcuMTc4aC0yMi4yNmMtMi42NzQgMC01LjIwNS45Ni03LjE4MyAyLjczOWExMC43NDkgMTAuNzQ5IDAgMDAtNy4xODMtMi43NEg5LjUwOWMtNC4wMDMgMC03LjI0Ny0zLjIxLTcuMjQ3LTcuMTc3VjIuMjVoNzMuNDkxek00MC4xODcgMzQuODM1YTguNDcgOC40NyAwIDAxNi4wMTItMi40NzFoMjIuMjQ1YzUuMjY4IDAgOS41NTYtNC4yMTkgOS41NTYtOS40MTNWMEgwdjIyLjkzNWMwIDUuMTk0IDQuMjU2IDkuNDEzIDkuNTA5IDkuNDEzaDIyLjMwOGMyLjI2MyAwIDQuMzk4Ljg4MiA2LjAxMiAyLjQ3MUwzOS4wMTYgMzZsMS4xNy0xLjE2NXoiCiAgICAgICAgZmlsbD0iY3VycmVudENvbG9yIiAvPgogICAgPHBhdGgKICAgICAgICBkPSJNNjcuNTIyIDExLjY3NmMwIC42ODEtLjU1NiAxLjE3Ny0xLjI1NSAxLjE3Ny0uNyAwLTEuMjU1LS40OTYtMS4yNTUtMS4xNzcgMC0uNjgyLjU1Ni0xLjE3OCAxLjI1NS0xLjE3OC43LS4wMyAxLjI1NS40NjUgMS4yNTUgMS4xNzh6bS0yLjM1MiA5LjYyMmgyLjE3OHYtNy41NDZINjUuMTd2Ny41NDZ6bS0zLjkwOS00LjU1NmwyLjg0NSA0LjU1NmgtMi4zNjhsLTEuOTA3LTMuMDIyLTEuMDMzIDEuMjcxdjEuNzVoLTIuMTYxVjEwLjQ1M2gyLjE2djUuMDA0YzAgLjkzLS4xMSAxLjg2LS4xMSAxLjg2aC4wNDdzLjUwOS0uODIxLjkzOC0xLjQxbDEuNjUzLTIuMTU0aDIuNTQybC0yLjYwNiAyLjk5em0tNi44MTctLjI3OGMwLTEuODc1LS45MzgtMi44OTgtMi40MzItMi44OTgtMS4yNzEgMC0xLjkzOS43MjgtMi4zMiAxLjQyNmgtLjA0OGwuMTEyLTEuMjRoLTIuMTYydjcuNTQ2aDIuMTYyVjE2LjgyYzAtLjg2OC41MjQtMS40NzIgMS4zMzUtMS40NzIuODEgMCAxLjE2LjUyNyAxLjE2IDEuNTM0djQuNDE2aDIuMTc3bC4wMTYtNC44MzR6bS04LjkzMS00Ljc4OGMwIC42ODEtLjU1NyAxLjE3Ny0xLjI1NiAxLjE3Ny0uNyAwLTEuMjU1LS40OTYtMS4yNTUtMS4xNzcgMC0uNjgyLjU1Ni0xLjE3OCAxLjI1NS0xLjE3OC43MTUtLjAzIDEuMjU2LjQ2NSAxLjI1NiAxLjE3OHptLTIuMzUyIDkuNjIyaDIuMTc3di03LjU0Nkg0My4xNnY3LjU0NnptLTMuNzUtMi4xMDdjMC0uNjA1LS44NTktLjcyOS0xLjg2LTEuMDA4LTEuMTYtLjI5NC0yLjYyMi0uODY3LTIuNjIyLTIuMzA4IDAtMS40MjYgMS4zOTgtMi4zMjQgMy4wNTEtMi4zMjQgMS41NDEgMCAyLjk1Ni43MTIgMy41NDQgMS43MmwtMS44NiAxLjAyMmMtLjE5LS42NjYtLjc2Mi0xLjE5My0xLjYyLTEuMTkzLS41NTcgMC0xLjAxOC4yMzItMS4wMTguNjgyIDAgLjU3MyAxLjAxOC42MzUgMi4xNjIuOTkxIDEuMjA4LjM3MiAyLjMyLjkxNSAyLjMyIDIuMjk0IDAgMS41MTgtMS40NDYgMi40MTctMy4xMTUgMi40MTctMS44MTEgMC0zLjI0Mi0uNzQ0LTMuODc3LTEuOTUybDEuODktMS4wMzljLjI0LjgyMi45MjIgMS40NDEgMS45NTUgMS40NDEuNjIgMCAxLjA1LS4yNDggMS4wNS0uNzQzem0tNi44ODItOC42NzdoLTIuMTc3djguNjkyYzAgLjc3NS4xNzUgMS4zNDguNTA5IDEuNzA1LjM1LjM1Ni44OS41MjYgMS42MzYuNTI2LjI1NSAwIC41MjUtLjAzLjc4LS4wNzcuMjctLjA2Mi40NzYtLjE0LjY1LS4yMzNsLjE5MS0xLjQyNWEyLjA3IDIuMDcgMCAwMS0uNDYuMTI0Yy0uMTI4LjAzLS4yODcuMDMtLjQ2MS4wMy0uMjg2IDAtLjQxNC0uMDc3LS41MDktLjIxNi0uMTExLS4xNC0uMTU5LS4zODctLjE1OS0uNzQ0di04LjM4MnptLTcuMjQ2IDQuNTdjLS43OTUgMC0xLjQ0Ni41NTgtMS42MjEgMS41ODFoMy4wNWMuMDE3LS44OTktLjU4Ny0xLjU4LTEuNDMtMS41OHptMy4zNTMgMy4wMDdIMjMuNjNjLjA5NSAxLjIyNC43OTQgMS44MjggMS43IDEuODI4LjgxIDAgMS4zNjctLjUyNyAxLjQ5NC0xLjI0bDEuODI4IDEuMDA3Yy0uNTQuOTYxLTEuNyAxLjc5OC0zLjMyMiAxLjc5OC0yLjE2IDAtMy43NS0xLjQ3Mi0zLjc1LTMuOTUxIDAtMi40NjQgMS42Mi0zLjk1MSAzLjcwMy0zLjk1MSAyLjA4MSAwIDMuNDY0IDEuNDQgMy40NjQgMy40ODYtLjAxNi42MDQtLjExMSAxLjAyMy0uMTExIDEuMDIzem0tMTEuMDc3IDMuMjA3aDIuMjU3VjEwLjkxNmgtMi4yNTd2NC4xMDdoLTQuMjQzdi00LjA5MUgxMS4wNnYxMC4zNjZoMi4yNTZ2LTQuMjkyaDQuMjQzdjQuMjkyeiIKICAgICAgICBmaWxsPSJjdXJyZW50Q29sb3IiIC8+Cjwvc3ZnPg=="
                    />
                  </div>
                </a>
                <a
                  class="_container_46f5db _jaes-icon_46f5db"
                  href="https://jaes.fi/"
                >
                  <div
                    class="_imgWrapper_73ff55 _icon_46f5db"
                  >
                    <img
                      alt="Jane ja Aatos Erkon säätiö"
                      src="/src/assets/icons/partners/jaes-logo-fi.svg"
                    />
                  </div>
                </a>
              </div>
              <div
                class="_small_46f5db"
              >
                <a
                  class="_container_46f5db"
                  href="https://amosrex.fi/"
                >
                  <div
                    class="_imgWrapper_73ff55 _icon_46f5db"
                  >
                    <img
                      alt="Amos Rex"
                      src="/src/assets/icons/partners/amosrex.png"
                    />
                  </div>
                </a>
                <a
                  class="_container_46f5db"
                  href="https://cirko.fi/"
                >
                  <div
                    class="_imgWrapper_73ff55 _icon_46f5db"
                  >
                    <img
                      alt="Cirko – Uuden sirkuksen keskus"
                      src="/src/assets/icons/partners/cirko.png"
                    />
                  </div>
                </a>
                <a
                  class="_container_46f5db"
                  href="https://dotdot.fi/suomeksi/"
                >
                  <div
                    class="_imgWrapper_73ff55 _icon_46f5db"
                  >
                    <img
                      alt="DOT ry"
                      src="/src/assets/icons/partners/dotdot.png"
                    />
                  </div>
                </a>
                <a
                  class="_container_46f5db"
                  href="https://www.designmuseum.fi/fi/"
                >
                  <div
                    class="_imgWrapper_73ff55 _icon_46f5db"
                  >
                    <img
                      alt="Designmuseo"
                      src="/src/assets/icons/partners/designmuseum.png"
                    />
                  </div>
                </a>
                <a
                  class="_container_46f5db"
                  href="https://www.hamhelsinki.fi/"
                >
                  <div
                    class="_imgWrapper_73ff55 _icon_46f5db"
                  >
                    <img
                      alt="Helsingin taidemuseo HAM"
                      src="/src/assets/icons/partners/hamhelsinki.png"
                    />
                  </div>
                </a>
                <a
                  class="_container_46f5db"
                  href="https://www.helsinginkaupunginmuseo.fi/"
                >
                  <div
                    class="_imgWrapper_73ff55 _icon_46f5db"
                  >
                    <img
                      alt="Helsingin kaupunginmuseo"
                      src="/src/assets/icons/partners/helsinginkaupunginmuseo.png"
                    />
                  </div>
                </a>
                <a
                  class="_container_46f5db"
                  href="https://helsinginkaupunginorkesteri.fi/"
                >
                  <div
                    class="_imgWrapper_73ff55 _icon_46f5db"
                  >
                    <img
                      alt="Helsingin kaupunginorkesteri"
                      src="/src/assets/icons/partners/helsinginkaupunginorkesteri.png"
                    />
                  </div>
                </a>
                <a
                  class="_container_46f5db"
                  href="https://hkt.fi/"
                >
                  <div
                    class="_imgWrapper_73ff55 _icon_46f5db"
                  >
                    <img
                      alt="Helsingin Kaupunginteatteri"
                      src="/src/assets/icons/partners/hkt.png"
                    />
                  </div>
                </a>
                <a
                  class="_container_46f5db"
                  href="https://www.hotellijaravintolamuseo.fi/"
                >
                  <div
                    class="_imgWrapper_73ff55 _icon_46f5db"
                  >
                    <img
                      alt="Hotelli- ja ravintolamuseo"
                      src="/src/assets/icons/partners/hotellijaravintolamuseo.png"
                    />
                  </div>
                </a>
                <a
                  class="_container_46f5db"
                  href="https://www.hurjaruuth.fi/"
                >
                  <div
                    class="_imgWrapper_73ff55 _icon_46f5db"
                  >
                    <img
                      alt="Tanssiteatteri Hurjaruuth"
                      src="/src/assets/icons/partners/hurjaruuth.png"
                    />
                  </div>
                </a>
                <a
                  class="_container_46f5db"
                  href="https://www.kaapelitehdas.fi/"
                >
                  <div
                    class="_imgWrapper_73ff55 _icon_46f5db"
                  >
                    <img
                      alt="home.partners.partner.kaapeli"
                      src="/src/assets/icons/partners/Kaapeli.png"
                    />
                  </div>
                </a>
                <a
                  class="_container_46f5db"
                  href="https://www.kansallisgalleria.fi/fi/search?category=artwork&hasImage=true"
                >
                  <div
                    class="_imgWrapper_73ff55 _icon_46f5db"
                  >
                    <img
                      alt="home.partners.partner.kansallisgalleria"
                      src="/src/assets/icons/partners/Finnish_National_Gallery_Logo_FI.svg"
                    />
                  </div>
                </a>
                <a
                  class="_container_46f5db"
                  href="https://www.kansallismuseo.fi/fi/kansallismuseo"
                >
                  <div
                    class="_imgWrapper_73ff55 _icon_46f5db"
                  >
                    <img
                      alt="Kansallismuseo"
                      src="/src/assets/icons/partners/kansallismuseo.png"
                    />
                  </div>
                </a>
                <a
                  class="_container_46f5db"
                  href="https://kansallisteatteri.fi/"
                >
                  <div
                    class="_imgWrapper_73ff55 _icon_46f5db"
                  >
                    <img
                      alt="Kansallisteatteri"
                      src="/src/assets/icons/partners/kansallisteatteri.png"
                    />
                  </div>
                </a>
                <a
                  class="_container_46f5db"
                  href="https://kavi.fi/kansallinen-audiovisuaalinen-instituutti-palvelee/"
                >
                  <div
                    class="_imgWrapper_73ff55 _icon_46f5db"
                  >
                    <img
                      alt="Kansallinen audiovisuaalinen instituutti"
                      src="/src/assets/icons/partners/kavi.png"
                    />
                  </div>
                </a>
                <a
                  class="_container_46f5db"
                  href="https://www.kulttuuriperintokasvatus.fi/"
                >
                  <div
                    class="_imgWrapper_73ff55 _icon_46f5db"
                  >
                    <img
                      alt="Suomen Kulttuuriperintökasvatuksen seura"
                      src="/src/assets/icons/partners/kulttuuriperintokasvatus.png"
                    />
                  </div>
                </a>
                <a
                  class="_container_46f5db"
                  href="https://www.helsinki.fi/fi/tiedemuseo-liekki"
                >
                  <div
                    class="_imgWrapper_73ff55 _icon_46f5db"
                  >
                    <img
                      alt="Tiedemuseo Liekki"
                      src="/src/assets/icons/partners/Museum_Flame_FI.svg"
                    />
                  </div>
                </a>
                <a
                  class="_container_46f5db"
                  href="https://www.mfa.fi/"
                >
                  <div
                    class="_imgWrapper_73ff55 _icon_46f5db"
                  >
                    <img
                      alt="Arkkitehtuurimuseo"
                      src="/src/assets/icons/partners/mfa.png"
                    />
                  </div>
                </a>
                <a
                  class="_container_46f5db"
                  href="https://nukketeatterisampo.fi/"
                >
                  <div
                    class="_imgWrapper_73ff55 _icon_46f5db"
                  >
                    <img
                      alt="Nukketeatteri Sampo"
                      src="/src/assets/icons/partners/nukketeatterisampo.png"
                    />
                  </div>
                </a>
                <a
                  class="_container_46f5db"
                  href="https://oopperabaletti.fi/"
                >
                  <div
                    class="_imgWrapper_73ff55 _icon_46f5db"
                  >
                    <img
                      alt="Suomen kansallisooppera ja -baletti"
                      src="/src/assets/icons/partners/oopperabaletti.png"
                    />
                  </div>
                </a>
                <a
                  class="_container_46f5db"
                  href="https://www.q-teatteri.fi/"
                >
                  <div
                    class="_imgWrapper_73ff55 _icon_46f5db"
                  >
                    <img
                      alt="Q-teatteri"
                      src="/src/assets/icons/partners/qteatteri.png"
                    />
                  </div>
                </a>
                <a
                  class="_container_46f5db"
                  href="https://svenskateatern.fi/fi/alku/"
                >
                  <div
                    class="_imgWrapper_73ff55 _icon_46f5db"
                  >
                    <img
                      alt="Svenska Teatern"
                      src="/src/assets/icons/partners/svenskateatern.png"
                    />
                  </div>
                </a>
                <a
                  class="_container_46f5db"
                  href="https://www.tanssintalo.fi/"
                >
                  <div
                    class="_imgWrapper_73ff55 _icon_46f5db"
                  >
                    <img
                      alt="Tanssin talo"
                      src="/src/assets/icons/partners/tanssintalo.png"
                    />
                  </div>
                </a>
                <a
                  class="_container_46f5db"
                  href="https://www.teatteri-ilmio.fi/"
                >
                  <div
                    class="_imgWrapper_73ff55 _icon_46f5db"
                  >
                    <img
                      alt="Teatteri ILMI Ö"
                      src="/src/assets/icons/partners/teatteriilmio.png"
                    />
                  </div>
                </a>
                <a
                  class="_container_46f5db"
                  href="https://www.teatterimuseo.fi/"
                >
                  <div
                    class="_imgWrapper_73ff55 _icon_46f5db"
                  >
                    <img
                      alt="Teatterimuseo"
                      src="/src/assets/icons/partners/teatterimuseo.png"
                    />
                  </div>
                </a>
                <a
                  class="_container_46f5db"
                  href="https://www.valokuvataiteenmuseo.fi/fi"
                >
                  <div
                    class="_imgWrapper_73ff55 _icon_46f5db"
                  >
                    <img
                      alt="Suomen valokuvataiteen museo"
                      src="/src/assets/icons/partners/valokuvataiteenmuseo.png"
                    />
                  </div>
                </a>
              </div>
            </div>
          </div>
        </section>
        <section
          class="_wrapper_4c2f32"
        >
          <div
            class="_contact_4c2f32"
          >
            <h2>
              Ota yhteyttä
            </h2>
            <div
              class="_contactPersons_4c2f32"
            >
              <div
                class="_service_4c2f32"
              >
                <h3>
                  Kulttuurin kummilapset -palvelu
                </h3>
                <p>
                  Ota yhteyttä, jos haluat lisätietoja tai antaa palautetta verkkopalvelun toiminnasta.
                </p>
                <a
                  href="mailto:kulttuurin.kummilapset@hel.fi"
                >
                  kulttuurin.kummilapset@hel.fi
                </a>
              </div>
            </div>
          </div>
        </section>
      </div>
    </div>
  </div>
</div>
`;
