// Vitest Snapshot v1, https://vitest.dev/guide/snapshot.html

exports[`Renders snapshot correctly 1`] = `
<div>
  <ul
    class="_list_a90dcd _spacing-xl_a90dcd"
  >
    <li
      class="_item_a90dcd"
    >
      <h2
        class="_text_e4e173 _h2_e4e173 "
      >
        Tulevat tapahtumasi
      </h2>
      <ul
        class="_list_a90dcd _spacing-layout-2-xs_a90dcd"
      >
        <li
          class="_item_a90dcd"
        >
          <div
            class="_wrapper_f3c708"
          >
            <div
              class="_image_f3c708"
            >
              <div
                class="_qrWrapper_e3c7ac"
              >
                <div />
              </div>
            </div>
            <div
              class="_content_f3c708"
            >
              <h3
                class="_text_e4e173 _h3_e4e173 _title_f3c708"
              >
                pentti
              </h3>
              <p
                class="_text_e4e173 _body_e4e173 "
              >
                eventti
              </p>
              <div
                class="_focalPoint_f3c708"
              >
                <span>
                  <div
                    class="_row_e93b69"
                  >
                    <div
                      class="_label_e93b69 _fullWidth_e93b69"
                      id="venue"
                    >
                      <svg
                        class="Icon-module_icon__1Jtzj icon_hds-icon__1YqNC Icon-module_s__2WGWe icon_hds-icon--size-s__2Lkik"
                        role="img"
                        viewBox="0 0 24 24"
                        xmlns="http://www.w3.org/2000/svg"
                      >
                        <g
                          fill="none"
                          fill-rule="evenodd"
                        >
                          <path
                            d="M0 0h24v24H0z"
                          />
                          <path
                            d="M11.967 1.5c2.06 0 4.12.778 5.69 2.334 3.143 3.111 2.93 7.96 0 11.268l-.622.709c-2.612 2.991-4.066 4.96-5.068 6.937-1.073-2.13-2.682-4.249-5.689-7.646-2.93-3.308-3.143-8.157 0-11.268A8.06 8.06 0 0111.967 1.5zm.032 2a6.072 6.072 0 00-4.3 1.762A5.606 5.606 0 006.002 9.41c.02 1.573.648 3.134 1.766 4.398l.66.752c1.59 1.823 2.717 3.239 3.573 4.503.975-1.437 2.292-3.063 4.233-5.255 1.118-1.264 1.746-2.825 1.766-4.398a5.616 5.616 0 00-1.698-4.15A6.077 6.077 0 0011.999 3.5zM12 6a3.5 3.5 0 110 6.999A3.5 3.5 0 0112 6zm0 2c-.827 0-1.5.673-1.5 1.5S11.173 11 12 11s1.5-.673 1.5-1.5S12.827 8 12 8z"
                            fill="currentColor"
                          />
                        </g>
                      </svg>
                      <div>
                        <p
                          class="_text_e4e173 _body_e4e173 _label_e93b69"
                        >
                          aa
                        </p>
                        <p
                          class="_text_e4e173 _body_e4e173 _description_e93b69"
                        >
                          ssfas uus 12
                        </p>
                      </div>
                    </div>
                    <div
                      class="_label_e93b69"
                      id="time"
                    >
                      <svg
                        class="Icon-module_icon__1Jtzj icon_hds-icon__1YqNC Icon-module_s__2WGWe icon_hds-icon--size-s__2Lkik"
                        role="img"
                        viewBox="0 0 24 24"
                        xmlns="http://www.w3.org/2000/svg"
                      >
                        <g
                          fill="none"
                          fill-rule="evenodd"
                        >
                          <path
                            d="M0 0h24v24H0z"
                          />
                          <path
                            d="M17 2a1 1 0 011 1v1h4v17H2V4h4V3a1 1 0 112 0v1h8V3a1 1 0 011-1zm3 9H4v8h16v-8zm0-5H4v3h16V6z"
                            fill="currentColor"
                          />
                        </g>
                      </svg>
                      <div>
                        <p
                          class="_text_e4e173 _body_e4e173 _label_e93b69"
                        >
                          24.2.2020
                        </p>
                      </div>
                    </div>
                    <div
                      class="_label_e93b69"
                      id="duration"
                    >
                      <svg
                        class="Icon-module_icon__1Jtzj icon_hds-icon__1YqNC Icon-module_s__2WGWe icon_hds-icon--size-s__2Lkik"
                        role="img"
                        viewBox="0 0 24 24"
                        xmlns="http://www.w3.org/2000/svg"
                      >
                        <g
                          fill="none"
                          fill-rule="evenodd"
                        >
                          <path
                            d="M0 0h24v24H0z"
                          />
                          <path
                            d="M12 2c5.523 0 10 4.477 10 10s-4.477 10-10 10S2 17.523 2 12 6.477 2 12 2zm0 2a8 8 0 100 16 8 8 0 000-16zm1 2v5.584l3.243 3.244-1.415 1.415-3.535-3.536.002-.001-.294-.292L11 6h2z"
                            fill="currentColor"
                          />
                        </g>
                      </svg>
                      <div>
                        <p
                          class="_text_e4e173 _body_e4e173 _label_e93b69"
                        >
                          11:09 - 12:09
                        </p>
                      </div>
                    </div>
                  </div>
                </span>
              </div>
            </div>
            <div
              class="_cta_f3c708"
            >
              <button
                aria-label="Näytä tapahtuman tiedot"
                class="Button-module_button__1msFE button_hds-button__2A0je Button-module_primary__2LfKB button_hds-button--primary__2NVvO _actionWrapper_f3c708"
                style="--color: var(--color-black); --color-hover: var(--color-black); --color-focus: var(--color-black-90); --color-hover-focus: var(--color-black-90); --background-color: transparent; --background-color-hover: transparent; --background-color-focus: transparent; --background-color-hover-focus: transparent; --background-selected: var(--color-summer); --border-color: none; --border-color-hover: var(--color-summer-dark); --border-color-focus: var(--color-summer-dark); --border-color-hover-focus: var(--color-summer-dark); --border-color-selected: var(--color-summer); --border-color-selected-hover: var(--color-summer-dark); --border-color-selected-focus: var(--color-summer); --border-color-selected-hover-focus: var(--color-summer);"
                type="button"
              >
                <span
                  class="Button-module_label__a4np1 button_hds-button__label__2EQa-"
                >
                  <svg
                    class="Icon-module_icon__1Jtzj icon_hds-icon__1YqNC Icon-module_s__2WGWe icon_hds-icon--size-s__2Lkik"
                    role="img"
                    viewBox="0 0 24 24"
                    xmlns="http://www.w3.org/2000/svg"
                  >
                    <g
                      fill="none"
                      fill-rule="evenodd"
                    >
                      <polygon
                        points="0 24 0 0 24 0 24 24"
                      />
                      <polygon
                        fill="currentColor"
                        points="13.5 12 8.5 7 10 5.5 16.5 12 10 18.5 8.5 17"
                      />
                    </g>
                  </svg>
                </span>
              </button>
            </div>
          </div>
        </li>
      </ul>
    </li>
    <li
      class="_item_a90dcd"
    >
      <h2
        class="_text_e4e173 _h2_e4e173 "
      >
        Tapahtumakutsut
      </h2>
      <ul
        class="_list_a90dcd _spacing-layout-2-xs_a90dcd"
      >
        <li
          class="_item_a90dcd"
        >
          <div
            class="_wrapper_f3c708"
          >
            <div
              class="_image_f3c708"
            >
              <img
                alt="huhuu"
                class="_image_f3c708"
                src="http://localhost:8081/media/2020-02-15-184035_1920x1080_scrot.png"
              />
            </div>
            <div
              class="_content_f3c708"
            >
              <h3
                class="_text_e4e173 _h3_e4e173 _title_f3c708"
              >
                pentti
              </h3>
              <p
                class="_text_e4e173 _body_e4e173 "
              >
                eventti
              </p>
              <div
                class="_focalPoint_f3c708"
              >
                <button
                  class="Button-module_button__1msFE button_hds-button__2A0je Button-module_primary__2LfKB button_hds-button--primary__2NVvO _primaryActionButton_f3c708"
                  style="--color: var(--color-black); --color-hover: var(--color-black); --color-focus: var(--color-black-90); --color-hover-focus: var(--color-black-90); --background-color: var(--color-summer); --background-color-hover: var(--color-summer-dark); --background-color-focus: var(--color-summer); --background-color-hover-focus: var(--color-summer-dark); --background-selected: var(--color-summer); --border-color: var(--color-summer); --border-color-hover: var(--color-summer-dark); --border-color-focus: var(--color-summer-dark); --border-color-hover-focus: var(--color-summer-dark); --border-color-selected: var(--color-summer); --border-color-selected-hover: var(--color-summer-dark); --border-color-selected-focus: var(--color-summer); --border-color-selected-hover-focus: var(--color-summer);"
                  type="button"
                >
                  <span
                    class="Button-module_label__a4np1 button_hds-button__label__2EQa-"
                  >
                    Lue lisää
                  </span>
                </button>
                <span />
              </div>
            </div>
            <div
              class="_cta_f3c708"
            >
              <button
                aria-label="Lue lisää"
                class="Button-module_button__1msFE button_hds-button__2A0je Button-module_primary__2LfKB button_hds-button--primary__2NVvO _actionWrapper_f3c708"
                style="--color: var(--color-black); --color-hover: var(--color-black); --color-focus: var(--color-black-90); --color-hover-focus: var(--color-black-90); --background-color: transparent; --background-color-hover: transparent; --background-color-focus: transparent; --background-color-hover-focus: transparent; --background-selected: var(--color-summer); --border-color: none; --border-color-hover: var(--color-summer-dark); --border-color-focus: var(--color-summer-dark); --border-color-hover-focus: var(--color-summer-dark); --border-color-selected: var(--color-summer); --border-color-selected-hover: var(--color-summer-dark); --border-color-selected-focus: var(--color-summer); --border-color-selected-hover-focus: var(--color-summer);"
                type="button"
              >
                <span
                  class="Button-module_label__a4np1 button_hds-button__label__2EQa-"
                >
                  <svg
                    class="Icon-module_icon__1Jtzj icon_hds-icon__1YqNC Icon-module_s__2WGWe icon_hds-icon--size-s__2Lkik"
                    role="img"
                    viewBox="0 0 24 24"
                    xmlns="http://www.w3.org/2000/svg"
                  >
                    <g
                      fill="none"
                      fill-rule="evenodd"
                    >
                      <polygon
                        points="0 24 0 0 24 0 24 24"
                      />
                      <polygon
                        fill="currentColor"
                        points="13.5 12 8.5 7 10 5.5 16.5 12 10 18.5 8.5 17"
                      />
                    </g>
                  </svg>
                </span>
              </button>
            </div>
          </div>
        </li>
      </ul>
    </li>
    <li
      class="_item_a90dcd"
    >
      <h2
        class="_text_e4e173 _h2_e4e173 "
      >
        Menneet tapahtumat
      </h2>
      <ul
        class="_list_a90dcd _spacing-layout-2-xs_a90dcd"
      >
        <li
          class="_item_a90dcd"
        >
          <div
            class="_wrapper_f3c708"
          >
            <div
              class="_image_f3c708"
            >
              <img
                alt="huhuu"
                class="_image_f3c708"
                src="http://localhost:8081/media/2020-02-15-184035_1920x1080_scrot.png"
              />
            </div>
            <div
              class="_content_f3c708"
            >
              <h3
                class="_text_e4e173 _h3_e4e173 _title_f3c708"
              >
                pentti
              </h3>
              <p
                class="_text_e4e173 _body_e4e173 "
              >
                eventti
              </p>
              <div
                class="_focalPoint_f3c708"
              >
                <span />
              </div>
            </div>
            <div
              class="_cta_f3c708"
            >
              <button
                aria-label="Näytä tapahtuman tiedot"
                class="Button-module_button__1msFE button_hds-button__2A0je Button-module_primary__2LfKB button_hds-button--primary__2NVvO _actionWrapper_f3c708"
                style="--color: var(--color-black); --color-hover: var(--color-black); --color-focus: var(--color-black-90); --color-hover-focus: var(--color-black-90); --background-color: transparent; --background-color-hover: transparent; --background-color-focus: transparent; --background-color-hover-focus: transparent; --background-selected: var(--color-summer); --border-color: none; --border-color-hover: var(--color-summer-dark); --border-color-focus: var(--color-summer-dark); --border-color-hover-focus: var(--color-summer-dark); --border-color-selected: var(--color-summer); --border-color-selected-hover: var(--color-summer-dark); --border-color-selected-focus: var(--color-summer); --border-color-selected-hover-focus: var(--color-summer);"
                type="button"
              >
                <span
                  class="Button-module_label__a4np1 button_hds-button__label__2EQa-"
                >
                  <svg
                    class="Icon-module_icon__1Jtzj icon_hds-icon__1YqNC Icon-module_s__2WGWe icon_hds-icon--size-s__2Lkik"
                    role="img"
                    viewBox="0 0 24 24"
                    xmlns="http://www.w3.org/2000/svg"
                  >
                    <g
                      fill="none"
                      fill-rule="evenodd"
                    >
                      <polygon
                        points="0 24 0 0 24 0 24 24"
                      />
                      <polygon
                        fill="currentColor"
                        points="13.5 12 8.5 7 10 5.5 16.5 12 10 18.5 8.5 17"
                      />
                    </g>
                  </svg>
                </span>
              </button>
            </div>
          </div>
        </li>
      </ul>
    </li>
  </ul>
</div>
`;
