// Jest Snapshot v1, https://goo.gl/fbAQLP

exports[`renders snapshot correctly 1`] = `
<section
  className="wrapper"
>
  <h2>
    Yhteisty√∂kumppanit
  </h2>
  <div
    className="partners"
  >
    <div
      className="big"
    >
      <Partners
        partners={
          Array [
            Object {
              "icon": "hel.png",
              "name": "hel",
            },
            Object {
              "icon": "jaes.png",
              "name": "jaes",
            },
          ]
        }
      />
    </div>
    <div
      className="small"
    >
      <Partners
        partners={
          Array [
            Object {
              "icon": "amosrex.png",
              "name": "amosrex",
            },
            Object {
              "icon": "cirko.png",
              "name": "cirko",
            },
            Object {
              "icon": "designmuseum.png",
              "name": "designmuseum",
            },
            Object {
              "icon": "hamhelsinki.png",
              "name": "hamhelsinki",
            },
            Object {
              "icon": "helsinginkaupunginmuseo.png",
              "name": "helsinginkaupunginmuseo",
            },
            Object {
              "icon": "helsinginkaupunginorkesteri.png",
              "name": "helsinginkaupunginorkesteri",
            },
            Object {
              "icon": "hkt.png",
              "name": "hkt",
            },
            Object {
              "icon": "hotellijaravintolamuseo.png",
              "name": "hotellijaravintolamuseo",
            },
            Object {
              "icon": "hurjaruuth.png",
              "name": "hurjaruuth",
            },
            Object {
              "icon": "kansallismuseo.png",
              "name": "kansallismuseo",
            },
            Object {
              "icon": "kansallisteatteri.png",
              "name": "kansallisteatteri",
            },
            Object {
              "icon": "kavi.png",
              "name": "kavi",
            },
            Object {
              "icon": "kulttuuriperintokasvatus.png",
              "name": "kulttuuriperintokasvatus",
            },
            Object {
              "icon": "mfa.png",
              "name": "mfa",
            },
            Object {
              "icon": "nukketeatterisampo.png",
              "name": "nukketeatterisampo",
            },
            Object {
              "icon": "oodihelsinki.png",
              "name": "oodihelsinki",
            },
            Object {
              "icon": "oopperabaletti.png",
              "name": "oopperabaletti",
            },
            Object {
              "icon": "qteatteri.png",
              "name": "qteatteri",
            },
            Object {
              "icon": "svenskateatern.png",
              "name": "svenskateatern",
            },
            Object {
              "icon": "tanssintalo.png",
              "name": "tanssintalo",
            },
            Object {
              "icon": "teatteriilmio.png",
              "name": "teatteriilmio",
            },
            Object {
              "icon": "teatterimuseo.png",
              "name": "teatterimuseo",
            },
            Object {
              "icon": "valokuvataiteenmuseo.png",
              "name": "valokuvataiteenmuseo",
            },
          ]
        }
      />
      <Icon
        alt=""
        className="icon"
        src="helsinginkaupunginorkesteri.png"
      />
    </div>
  </div>
</section>
`;
