// Jest Snapshot v1, https://goo.gl/fbAQLP

exports[`renders snapshot correctly 1`] = `
<header
  className="headerWrapper"
>
  <Container>
    <Navbar />
  </Container>
</header>
`;
