// Jest Snapshot v1, https://goo.gl/fbAQLP

exports[`renders snapshot correctly 1`] = `
<div
  className="pageWrapper"
>
  <Header />
  <div
    className="pageBody"
  />
  <Footer />
</div>
`;
