// Jest Snapshot v1, https://goo.gl/fbAQLP

exports[`renders snapshot correctly 1`] = `"<div class=\\"registrationForm\\"><form><div class=\\"childInfo\\"><div class=\\"childName\\"><div class=\\"inputField\\"><div class=\\"inputWrapper textInput\\"><div class=\\"inputTypeWrapper\\"><label>Child first name</label><input type=\\"text\\" name=\\"child.firstName\\" value=\\"\\" placeholder=\\"Please put child first name\\"/></div></div><div class=\\"inputErrorMessage\\"></div></div><div class=\\"inputField\\"><div class=\\"inputWrapper textInput\\"><div class=\\"inputTypeWrapper\\"><label>Child last name</label><input type=\\"text\\" name=\\"child.lastName\\" value=\\"\\" placeholder=\\"Please put child last name\\"/></div></div><div class=\\"inputErrorMessage\\"></div></div></div></div><div class=\\"guardianInfo\\"><div class=\\"inputField\\"><div class=\\"inputWrapper textInput\\"><div class=\\"inputTypeWrapper\\"><label>Guardian email</label><input type=\\"text\\" name=\\"guardian.email\\" value=\\"\\" placeholder=\\"Please put guardian email\\"/></div></div><div class=\\"inputErrorMessage\\"></div></div><div class=\\"inputField\\"><div class=\\"inputWrapper textInput\\"><div class=\\"inputTypeWrapper\\"><label>Guardian phone number</label><input type=\\"text\\" name=\\"guardian.phoneNumber\\" value=\\"\\" placeholder=\\"Please put guardian phone number\\"/></div></div><div class=\\"inputErrorMessage\\"></div></div><div class=\\"guardianName\\"><div class=\\"inputField\\"><div class=\\"inputWrapper textInput\\"><div class=\\"inputTypeWrapper\\"><label>Guardian first name</label><input type=\\"text\\" name=\\"guardian.firstName\\" value=\\"\\" placeholder=\\"Please put guardian first name\\"/></div></div><div class=\\"inputErrorMessage\\"></div></div><div class=\\"inputField\\"><div class=\\"inputWrapper textInput\\"><div class=\\"inputTypeWrapper\\"><label>Guardian last name</label><input type=\\"text\\" name=\\"guardian.lastName\\" value=\\"\\" placeholder=\\"Please put guardian last name\\"/></div></div><div class=\\"inputErrorMessage\\"></div></div></div><div class=\\"selectWrapper\\"><label for=\\"registration.form.guardian.relationship.select\\">Guardian relation with child</label><select id=\\"registration.form.guardian.relationship.select\\" field=\\"[object Object]\\" placeholder=\\"Please put guardian relation\\"><option selected=\\"\\" value=\\"parents\\">Parents</option><option value=\\"spouse\\">Spouse</option></select></div><div class=\\"inputField\\"><div class=\\"inputWrapper checkboxInput\\"><div class=\\"inputTypeWrapper\\"><input type=\\"checkbox\\" id=\\"agree\\" value=\\"false\\"/><label for=\\"agree\\">registration.form.agree.input.label</label></div></div><div class=\\"inputErrorMessage\\"></div></div></div><div class=\\"submitButton buttonWrapper\\"><button type=\\"submit\\">Ilmoittaudu mukaan</button></div></form></div>"`;
