// Jest Snapshot v1, https://goo.gl/fbAQLP

exports[`renders childByIdQuery occurrence snapshot correctly 1`] = `
<div
  className="row"
>
  <InfoItem
    className="label"
    iconAlt="Päivämäärä"
    iconSrc="calendar.svg"
    key="0"
    label="8.3.2020"
  />
  <InfoItem
    className="label"
    iconAlt="Kellonaika"
    iconSrc="clock.svg"
    key="1"
    label="06.00 - 06.12"
  />
  <InfoItem
    className="label"
    iconAlt="Osallistujat"
    iconSrc="person.svg"
    key="2"
    label="Perhe"
  />
  <InfoItem
    className="label"
    iconAlt="Tapahtumapaikka"
    iconSrc="location.svg"
    key="3"
    label="Musiikkitalo"
  />
</div>
`;

exports[`renders occurrence snapshot correctly 1`] = `
<div
  className="row"
>
  <InfoItem
    className="label"
    iconAlt="Päivämäärä"
    iconSrc="calendar.svg"
    key="0"
    label="8.3.2020"
  />
  <InfoItem
    className="label"
    iconAlt="Kellonaika"
    iconSrc="clock.svg"
    key="1"
    label="06.00 - 06.12"
  />
  <InfoItem
    className="label"
    iconAlt="Osallistujat"
    iconSrc="person.svg"
    key="2"
    label="Perhe"
  />
  <InfoItem
    className="label"
    iconAlt="Tapahtumapaikka"
    iconSrc="location.svg"
    key="3"
    label="Musiikkitalo"
  />
</div>
`;

exports[`renders snapshot correctly 1`] = `
<Fragment>
  <div
    className="heroWrapper"
    style={
      Object {
        "backgroundImage": "url(\\"a\\")",
      }
    }
    title="b"
  >
    <div
      className="backButtonWrapper"
    >
      <div
        className="backButtonInnerWrapper"
      >
        <Button
          aria-label="Palaa"
          className="backButton"
          onClick={[Function]}
          variant="secondary"
        >
          <Icon
            className="backButtonIcon"
            src="arrowLeft.svg"
          />
        </Button>
      </div>
    </div>
  </div>
  <PageWrapper
    className="wrapper"
    title="event name"
  >
    <div
      className="eventWrapper"
      role="main"
    >
      <div
        className="event"
      >
        <div
          className="heading"
        >
          <h1>
            event name
          </h1>
        </div>
      </div>
    </div>
  </PageWrapper>
</Fragment>
`;
